================================================================
== Design Size Report
================================================================

* Total Instructions per Compilation Phase
+---------------+-----------------------------+--------------+----------------------------------------------------------------------------------------+
| Phase         | Step                        | Instructions | Description                                                                            |
+---------------+-----------------------------+--------------+----------------------------------------------------------------------------------------+
| Compile/Link  |                             |   664        | After all functions are compiled and linked into a single design                       |
|               |                             |              |                                                                                        |
| Unroll/Inline |                             |              | After user unroll and inline pragmas are applied                                       |
|               | (1) unroll                  | 1,049        | user unroll pragmas are applied                                                        |
|               | (2) simplification          |   695        | simplification of applied user unroll pragmas                                          |
|               | (3) inline                  |   681        | user inline pragmas are applied                                                        |
|               | (4) simplification          |   679        | simplification of applied user inline pragmas                                          |
|               |                             |              |                                                                                        |
| Array/Struct  |                             |              | After user array partition and struct aggregate/disaggregate pragmas are applied       |
|               | (1) array partition         |   680        | user array partition pragmas are applied                                               |
|               | (2) simplification          |   680        | simplification of applied user array partition & struct aggregate/disaggregate pragmas |
|               | (3) aggregate/disaggregate  | 2,345        | user struct aggregate/disaggregate pragmas are applied                                 |
|               | (4) array reshape           | 1,725        | apply array reshape pragmas                                                            |
|               | (5) access patterns         | 1,725        | array access pattern optmizations                                                      |
|               |                             |              |                                                                                        |
| Performance   |                             |              | After transformations are applied to meet performance pragma targets                   |
|               | (1) loop simplification     |   860        | loop and instruction simplification                                                    |
|               | (2) parallelization         |   860        | loops are unrolled or pipelined to meet performance targets                            |
|               | (3) array partition         |   860        | arrays are partitioned to meet performance targets                                     |
|               | (4) simplification          |   860        | simplification of design after performance transformations                             |
|               |                             |              |                                                                                        |
| HW Transforms |                             |              | After hardware transfomations                                                          |
|               | (1) lowering                |   900        | initial conversion to HW specific instructions                                         |
|               | (2) optimizations           |   901        | high level synthesis optimizations                                                     |
+---------------+-----------------------------+--------------+----------------------------------------------------------------------------------------+

* Instructions per Function for each Compilation Phase
+------------------------+--------------------------------+---------------+---------------+--------------+-------------+---------------+
| Function               | Location                       | Compile/Link  | Unroll/Inline | Array/Struct | Performance | HW Transforms |
+------------------------+--------------------------------+---------------+---------------+--------------+-------------+---------------+
| + run_head_group       | Scheduler_head_helpers.cpp:10  | 664           | 679           | 1,725        | 860         | 901           |
|    init_head_ctx       | Scheduler_head_helpers.cpp:126 |  17           |               |              |             |               |
|  + drive_head_phase    | Scheduler_head_helpers.cpp:141 | 458           |               |              |             |               |
|     start_head_compute | Scheduler_head_helpers.cpp:316 | 280 (7 calls) |               |              |             |               |
+------------------------+--------------------------------+---------------+---------------+--------------+-------------+---------------+

* Design Size Message Settings
+---------------------------------------------+--------+------------------------------------------------------------------+
| Message Setting                             | Value  | Description                                                      |
+---------------------------------------------+--------+------------------------------------------------------------------+
| config_compile -design_size_maximum_warning | 100000 | Show a warning when total design instructions exceeds this value |
+---------------------------------------------+--------+------------------------------------------------------------------+


