

================================================================
== Vitis HLS Report for 'run_single_head'
================================================================
* Date:           Thu Nov 27 18:02:42 2025

* Version:        2025.1 (Build 6135595 on May 21 2025)
* Project:        drive_group_head_phase
* Solution:       hls (Vivado IP Flow Target)
* Product family: zynquplus
* Target device:  xck26-sfvc784-2LV-c


================================================================
== Performance Estimates
================================================================
+ Timing: 
    * Summary: 
    +--------+----------+----------+------------+
    |  Clock |  Target  | Estimated| Uncertainty|
    +--------+----------+----------+------------+
    |ap_clk  |  10.00 ns|  7.042 ns|     2.70 ns|
    +--------+----------+----------+------------+

+ Latency: 
    * Summary: 
    +---------+---------+----------+----------+-----+-----+---------+
    |  Latency (cycles) |  Latency (absolute) |  Interval | Pipeline|
    |   min   |   max   |    min   |    max   | min | max |   Type  |
    +---------+---------+----------+----------+-----+-----+---------+
    |        0|        0|      0 ns|      0 ns|    0|    0|       no|
    +---------+---------+----------+----------+-----+-----+---------+

    + Detail: 
        * Instance: 
        N/A

        * Loop: 
        N/A



================================================================
== Utilization Estimates
================================================================
* Summary: 
+-----------------+---------+------+--------+--------+-----+
|       Name      | BRAM_18K|  DSP |   FF   |   LUT  | URAM|
+-----------------+---------+------+--------+--------+-----+
|DSP              |        -|     -|       -|       -|    -|
|Expression       |        -|     -|       0|     588|    -|
|FIFO             |        -|     -|       -|       -|    -|
|Instance         |        -|     -|       0|      18|    -|
|Memory           |        -|     -|       -|       -|    -|
|Multiplexer      |        -|     -|       0|     197|    -|
|Register         |        -|     -|       -|       -|    -|
+-----------------+---------+------+--------+--------+-----+
|Total            |        0|     0|       0|     803|    0|
+-----------------+---------+------+--------+--------+-----+
|Available        |      288|  1248|  234240|  117120|   64|
+-----------------+---------+------+--------+--------+-----+
|Utilization (%)  |        0|     0|       0|      ~0|    0|
+-----------------+---------+------+--------+--------+-----+

+ Detail: 
    * Instance: 
    +-------------------------+----------------------+---------+----+---+----+-----+
    |         Instance        |        Module        | BRAM_18K| DSP| FF| LUT| URAM|
    +-------------------------+----------------------+---------+----+---+----+-----+
    |sparsemux_7_2_66_1_1_U1  |sparsemux_7_2_66_1_1  |        0|   0|  0|   9|    0|
    |sparsemux_7_2_66_1_1_U2  |sparsemux_7_2_66_1_1  |        0|   0|  0|   9|    0|
    +-------------------------+----------------------+---------+----+---+----+-----+
    |Total                    |                      |        0|   0|  0|  18|    0|
    +-------------------------+----------------------+---------+----+---+----+-----+

    * DSP: 
    N/A

    * Memory: 
    N/A

    * FIFO: 
    N/A

    * Expression: 
    +----------------------------+----------+----+---+----+------------+------------+
    |        Variable Name       | Operation| DSP| FF| LUT| Bitwidth P0| Bitwidth P1|
    +----------------------------+----------+----+---+----+------------+------------+
    |and_ln62_fu_845_p2          |       and|   0|  0|   2|           1|           1|
    |icmp_ln186_fu_1666_p2       |      icmp|   0|  0|  15|           8|           4|
    |icmp_ln50_fu_523_p2         |      icmp|   0|  0|  39|          32|          32|
    |or_ln62_1_fu_793_p2         |        or|   0|  0|   2|           1|           1|
    |or_ln62_2_fu_799_p2         |        or|   0|  0|   2|           1|           1|
    |or_ln62_3_fu_805_p2         |        or|   0|  0|   2|           1|           1|
    |or_ln62_5_fu_811_p2         |        or|   0|  0|   2|           1|           1|
    |or_ln62_fu_787_p2           |        or|   0|  0|   2|           1|           1|
    |head_ctx_ref_0_1_fu_865_p6  |    select|   0|  0|  65|           1|          66|
    |select_ln50_fu_533_p3       |    select|   0|  0|  65|           1|          66|
    |select_ln56_fu_581_p3       |    select|   0|  0|  65|           1|          66|
    |select_ln57_fu_621_p3       |    select|   0|  0|  65|           1|          66|
    |select_ln58_fu_661_p3       |    select|   0|  0|  65|           1|          66|
    |select_ln59_fu_701_p3       |    select|   0|  0|  65|           1|          66|
    |select_ln60_fu_741_p3       |    select|   0|  0|  65|           1|          66|
    |select_ln61_fu_779_p3       |    select|   0|  0|  65|           1|          66|
    |xor_ln55_fu_851_p2          |       xor|   0|  0|   2|           1|           2|
    +----------------------------+----------+----+---+----+------------+------------+
    |Total                       |          |   0|  0| 588|          55|         572|
    +----------------------------+----------+----+---+----+------------+------------+

    * Multiplexer: 
    +--------------------------------------------+-----+-----------+-----+-----------+
    |                    Name                    | LUT | Input Size| Bits| Total Bits|
    +--------------------------------------------+-----+-----------+-----+-----------+
    |ap_phi_mux_empty_phi_fu_304_p74             |   81|         17|    8|        136|
    |ap_phi_mux_head_ctx_ref_0_2_phi_fu_225_p74  |  116|         23|   66|       1518|
    +--------------------------------------------+-----+-----------+-----+-----------+
    |Total                                       |  197|         40|   74|       1654|
    +--------------------------------------------+-----+-----------+-----+-----------+

    * Register: 
    N/A



================================================================
== Interface
================================================================
* Summary: 
+-------------+-----+-----+------------+-----------------+--------------+
|  RTL Ports  | Dir | Bits|  Protocol  |  Source Object  |    C Type    |
+-------------+-----+-----+------------+-----------------+--------------+
|ap_ready     |  out|    1|  ap_ctrl_hs|  run_single_head|  return value|
|ap_return_0  |  out|    1|  ap_ctrl_hs|  run_single_head|  return value|
|ap_return_1  |  out|   66|  ap_ctrl_hs|  run_single_head|  return value|
|ap_rst       |   in|    1|  ap_ctrl_hs|  run_single_head|  return value|
|p_read       |   in|   66|     ap_none|           p_read|        scalar|
|layer_idx    |   in|   32|     ap_none|        layer_idx|        scalar|
|start_r      |   in|    1|     ap_none|          start_r|        scalar|
+-------------+-----+-----+------------+-----------------+--------------+

